DONE 00
DONE 03
DONE 06
DONE 09
DONE 12
DONE 15
DONE 18
DONE 21
DONE 24
DONE 27
DONE 30
DONE 33
DONE 36
DONE 39
DONE 42
DONE 45
DONE 48
